=== Actualizacion precios multi-tienda ===
Fecha: 2026-09-29T06:21:25.519Z
Excel origen (solo Steam): GAMES LIST - AUTO.xlsx
Compras actualizadas: 245 | Sin cambio: 41 | Recheck rapido: 0 | Sin link (reservado): 56 | Errores: 0
Opciones visibles: 227 | Ocultas: 35

--- Pendientes (buscar de nuevo) ---
A way out | Edicion estandar | CD Key
Assassin's Creed Mirage | Edicion estandar | CD Key
Assassin's Creed Mirage | Edición Deluxe | CD Key
Assassin's Creed Mirage | Master Assassin Edition | CD Key
Assassin's Creed Shadows | Premium Edition | Cuenta
Baldur's Gate 3 | Edicion estandar | CD Key
Call of Duty: Black Ops 7 | Edicion estandar | CD Key
Call of Duty: Black Ops 7 | Vault Edition | CD Key
Call of Duty: Black Ops III | Zombies Chronicles Edition | CD Key
Call of Duty: Black Ops III | Zombies Deluxe | CD Key
Cyberpunk 2077 | Edicion estandar | CD Key
Cyberpunk 2077 | Ultimate Edition | CD Key
Dead by Daylight | Gold Edition | CD Key
Diablo IV | Edicion estandar | CD Key
Diablo IV | Age of Hatred Collection | CD Key
Dispatch | Edicion estandar | CD Key
Dispatch | Deluxe Edition | CD Key
EA SPORTS™ College Football 27 | Edicion estandar | CD Key
EA SPORTS™ College Football 27 | Deluxe Edition | CD Key
EA SPORTS FC 26 | Edicion estandar | CD Key
EA SPORTS FC™ 27 | Edicion estandar | CD Key
EA SPORTS FC™ 27 | Ultimate Edition | CD Key
EA SPORTS FC™ 27 | Ultimate Plus Edition | CD Key
Forza Horizon 5 | Deluxe Edition | CD Key
Forza Horizon 6 | Edicion estandar | CD Key
Forza Horizon 6 | Deluxe Edition | CD Key
Forza Horizon 6 | Premium Edition | CD Key
Gears of War: E-Day | Edicion estandar | CD Key
Gears of War: E-Day | Premium Edition | CD Key
Ghost of Tsushima | Director's Cut | Cuenta
Grand Theft Auto V | Enhanced | CD Key
Halo: Campaign Evolved | Edicion estandar | CD Key
Halo: Campaign Evolved | Premium Edition | CD Key
MARVEL Tokon: Fighting Souls | Edicion estandar | CD Key
MARVEL Tokon: Fighting Souls | Edicion estandar | Cuenta
MARVEL Tokon: Fighting Souls | Deluxe Edition | Cuenta
MARVEL Tokon: Fighting Souls | Ultimate Edition | Cuenta
Marvel vs. Capcom: Infinite | Edicion estandar | Cuenta
Marvel vs. Capcom: Infinite | Deluxe Edition | Cuenta
Marvel's Spider-Man 2 | Deluxe Edition | Cuenta
Path of Exile 2 | Lord of Ogham Supporter Pack | CD Key
Path of Exile 2 | King of the Faridun Supporter Pack | CD Key
Red Dead Redemption 2 | Ultimate Edition | CD Key
RESIDENT EVIL 2 | Deluxe Edition | Cuenta
Resident Evil 7: Biohazard | Gold Edition | Cuenta
Resident Evil: Raccoon City Edition (Resident Evil 2, Resident Evil 3, RESIDENT EVIL RESISTANCE) | Edicion estandar | Cuenta
Sea of Thieves | 2026 Edition | CD Key
Sea of Thieves | 2026 Deluxe Edition | CD Key
Sea of Thieves | 2026 Premium Edition | CD Key
SILENT HILL: Townfall | Edicion estandar | Cuenta
SILENT HILL: Townfall | Deluxe Edition | Cuenta
The Last of Us Part 1 | Deluxe Edition | Cuenta
The Witcher 3: Wild Hunt | Edicion estandar | CD Key
The Witcher 3: Wild Hunt | Complete Edition | CD Key
UNCHARTED™: Legacy of Thieves Collection | Edicion estandar | Cuenta
WWE 2K26 | King of Kings Edition | CD Key

--- Fetch tiendas ---
007 First Light | Edicion estandar | CD Key | links | driffle | compra 63195 -> 63467 (3 cotiz.)
007 First Light | Edicion estandar | Cuenta | links | kinguin | compra 45268 -> 45325 (2 cotiz.)
007 First Light | Edición Deluxe | CD Key | links | eneba | compra 93072 -> 93155 (3 cotiz.)
007 First Light | Deluxe Edition | Cuenta | links | kinguin | compra 64067 -> 64146 (2 cotiz.)
A way out | Edicion estandar | CD Key | sin_links_excel | reservado (sin publicar)
A way out | Edicion estandar | Cuenta | links | driffle | compra 7122 -> 7131 (2 cotiz.)
ARC Raiders | Edicion estandar | CD Key | links | eneba | compra 39681 -> 39358 (2 cotiz.)
ARC Raiders | Edicion estandar | Cuenta | links | kinguin | compra 39131 -> 40102 (1 cotiz.)
ARC Raiders | Edición Deluxe | CD Key | links | driffle | compra 55863 -> 57468 (2 cotiz.)
ARC Raiders | Deluxe Edition | Cuenta | links | kinguin | compra 74678 -> 74770 (1 cotiz.)
ARK: Survival Ascended | Edicion estandar | CD Key | links | driffle | compra 86015 -> 86138 (1 cotiz.)
ARK: Survival Ascended | Edicion estandar | Cuenta | links | kinguin | compra 12597 -> 12613 (2 cotiz.)
Assassin's Creed Mirage | Edicion estandar | CD Key | sin_links_excel | reservado (sin publicar)
Assassin's Creed Mirage | Edicion estandar | Cuenta | links | driffle | compra 15294 -> 15313 (1 cotiz.)
Assassin's Creed Mirage | Edición Deluxe | CD Key | sin_links_excel | reservado (sin publicar)
Assassin's Creed Mirage | Deluxe Edition | Cuenta | links | ninguna | sin cambio | 0 (0 cotiz.)
Assassin's Creed Mirage | Master Assassin Edition | CD Key | sin_links_excel | reservado (sin publicar)
Assassin's Creed Mirage | Master Assassin Edition | Cuenta | links | ninguna | sin cambio | 0 (0 cotiz.)
Assassin's Creed Shadows | Edicion estandar | CD Key | links | ninguna | sin cambio | 0 (0 cotiz.)
Assassin's Creed Shadows | Edicion estandar | Cuenta | links | driffle | compra 33269 -> 33246 (2 cotiz.)
Assassin's Creed Shadows | Edición Deluxe | CD Key | links | ninguna | sin cambio | 0 (0 cotiz.)
Assassin's Creed Shadows | Deluxe Edition | Cuenta | links | kinguin | compra 48208 -> 48267 (1 cotiz.)
Assassin's Creed Shadows | Premium Edition | CD Key | links | ninguna | sin cambio | 0 (0 cotiz.)
Assassin's Creed Shadows | Premium Edition | Cuenta | sin_links_excel | reservado (sin publicar)
Baldur's Gate 3 | Edicion estandar | CD Key | sin_links_excel | reservado (sin publicar)
Baldur's Gate 3 | Edicion estandar | Cuenta | links | driffle | compra 23724 -> 21150 (1 cotiz.)
Battlefield 6 | Edicion estandar | CD Key | links | driffle | compra 73450 -> 73557 (1 cotiz.)
Battlefield 6 | Edicion estandar | Cuenta | links | kinguin | compra 33253 -> 31418 (2 cotiz.)
Battlefield 6 | Phantom Edition | CD Key | links | driffle | compra 111354 -> 111524 (1 cotiz.)
Battlefield 6 | Phantom Edition | Cuenta | links | kinguin | compra 69720 -> 69806 (2 cotiz.)
Black Myth: Wukong | Edicion estandar | CD Key | links | driffle | compra 52907 -> 52989 (2 cotiz.)
Black Myth: Wukong | Edicion estandar | Cuenta | links | driffle | compra 36128 -> 36188 (2 cotiz.)
Black Myth: Wukong | Edición Deluxe | CD Key | links | ninguna | sin cambio | 0 (0 cotiz.)
Black Myth: Wukong | Deluxe Edition | Cuenta | links | kinguin | compra 83205 -> 83308 (1 cotiz.)
Borderlands 4 | Edicion estandar | CD Key | links | eneba | compra 51971 -> 56045 (3 cotiz.)
Borderlands 4 | Edicion estandar | Cuenta | links | kinguin | compra 32575 -> 32615 (1 cotiz.)
Borderlands 4 | Edición Deluxe | CD Key | links | eneba | compra 83528 -> 83583 (3 cotiz.)
Borderlands 4 | Deluxe Edition | Cuenta | links | kinguin | compra 63776 -> 63855 (1 cotiz.)
Borderlands 4 | Edición Super Deluxe | CD Key | links | eneba | compra 105266 -> 105251 (3 cotiz.)
Borderlands 4 | Deluxe Edition | Cuenta | links | kinguin | compra 134013 -> 134179 (1 cotiz.)
Call of Duty: Black Ops 7 | Edicion estandar | CD Key | sin_links_excel | reservado (sin publicar)
Call of Duty: Black Ops 7 | Edicion estandar | Cuenta | links | kinguin | compra 33253 -> 33828 (2 cotiz.)
Call of Duty: Black Ops 7 | Vault Edition | CD Key | sin_links_excel | reservado (sin publicar)
Call of Duty: Black Ops 7 | Vault Edition | Cuenta | links | kinguin | compra 73983 -> 76258 (1 cotiz.)
Call of Duty: Black Ops III | Zombies Chronicles Edition | CD Key | sin_links_excel | reservado (sin publicar)
Call of Duty: Black Ops III | Zombies Chronicles Edition | Cuenta | links | kinguin | compra 17006 -> 17334 (2 cotiz.)
Call of Duty: Black Ops III | Zombies Deluxe | CD Key | sin_links_excel | reservado (sin publicar)
Call of Duty: Black Ops III | Deluxe Edition | Cuenta | links | ninguna | sin cambio | 0 (0 cotiz.)
Clair Obscur: Expedition 33 | Edicion estandar | CD Key | links | eneba | compra 35352 -> 39891 (3 cotiz.)
Clair Obscur: Expedition 33 | Edicion estandar | Cuenta | links | kinguin | compra 36386 -> 36431 (2 cotiz.)
Clair Obscur: Expedition 33 | Edición Deluxe | CD Key | links | eneba | compra 59206 -> 59263 (3 cotiz.)
Clair Obscur: Expedition 33 | Deluxe Edition | Cuenta | links | kinguin | compra 58754 -> 58826 (2 cotiz.)
Crimson Desert | Edicion estandar | CD Key | links | eneba | compra 47384 -> 47410 (3 cotiz.)
Crimson Desert | Edicion estandar | Cuenta | links | driffle | compra 44461 -> 44516 (2 cotiz.)
Crimson Desert | Edición Deluxe | CD Key | links | eneba | compra 50323 -> 50353 (3 cotiz.)
Crimson Desert | Deluxe Edition | Cuenta | links | driffle | compra 65601 -> 65683 (2 cotiz.)
Cuphead | Edicion estandar | CD Key | links | driffle | compra 15827 -> 15847 (2 cotiz.)
Cuphead | Edicion estandar | Cuenta | links | driffle | compra 6799 -> 6694 (2 cotiz.)
Cuphead | & The Delicious Last Course | CD Key | links | driffle | compra 23385 -> 23414 (2 cotiz.)
Cuphead | & The Delicious Last Course | Cuenta | links | kinguin | compra 25436 -> 25468 (1 cotiz.)
Cyberpunk 2077 | Edicion estandar | CD Key | sin_links_excel | reservado (sin publicar)
Cyberpunk 2077 | Edicion estandar | Cuenta | links | driffle | compra 14067 -> 14084 (2 cotiz.)
Cyberpunk 2077 | Ultimate Edition | CD Key | sin_links_excel | reservado (sin publicar)
Cyberpunk 2077 | Ultimate Edition | Cuenta | links | driffle | compra 36644 -> 36690 (1 cotiz.)
DayZ | Edicion estandar | CD Key | links | eneba | compra 25727 -> 25743 (3 cotiz.)
DayZ | Edicion estandar | Cuenta | links | driffle | compra 20527 -> 20568 (2 cotiz.)
DayZ | Deluxe Edition | CD Key | links | eneba | compra 47788 -> 47815 (2 cotiz.)
DayZ | Deluxe Edition | Cuenta | links | kinguin | compra 27584 -> 27618 (1 cotiz.)
DayZ | Cool Edition | CD Key | links | eneba | compra 109965 -> 110053 (2 cotiz.)
DayZ | Cool Edition | Cuenta | links | kinguin | compra 52374 -> 52439 (1 cotiz.)
Dead by Daylight | Edicion estandar | CD Key | links | ninguna | sin cambio | 0 (0 cotiz.)
Dead by Daylight | Edicion estandar | Cuenta | links | kinguin | compra 6831 -> 6872 (2 cotiz.)
Dead by Daylight | Gold Edition | CD Key | sin_links_excel | reservado (sin publicar)
Dead by Daylight | Gold Edition | Cuenta | links | kinguin | compra 70043 -> 70129 (1 cotiz.)
Death Stranding 2: On the Beach | Edicion estandar | CD Key | links | kinguin | compra 104135 -> 104264 (3 cotiz.)
Death Stranding 2: On the Beach | Edicion estandar | Cuenta | links | driffle | compra 62775 -> 62853 (1 cotiz.)
Death Stranding 2: On the Beach | Deluxe Edition | CD Key | links | ninguna | sin cambio | 0 (0 cotiz.)
Death Stranding 2: On the Beach | Deluxe Edition | Cuenta | links | ninguna | sin cambio | 0 (0 cotiz.)
Diablo IV | Edicion estandar | CD Key | sin_links_excel | reservado (sin publicar)
Diablo IV | Edicion estandar | Cuenta | links | kinguin | compra 23111 -> 23026 (2 cotiz.)
Diablo IV | Age of Hatred Collection | CD Key | sin_links_excel | reservado (sin publicar)
Diablo IV | Age of Hatred Collection | Cuenta | links | driffle | compra 86580 -> 86704 (2 cotiz.)
DRAGON BALL: Sparking! ZERO | Edicion estandar | CD Key | links | eneba | compra 48482 -> 48510 (2 cotiz.)
DRAGON BALL: Sparking! ZERO | Edicion estandar | Cuenta | links | driffle | compra 31961 -> 31920 (2 cotiz.)
DRAGON BALL: Sparking! ZERO | Deluxe Edition | CD Key | links | ninguna | sin cambio | 0 (0 cotiz.)
DRAGON BALL: Sparking! ZERO | Deluxe Edition | Cuenta | links | ninguna | sin cambio | 0 (0 cotiz.)
DRAGON BALL: Sparking! ZERO | Ultimate Edition | CD Key | links | ninguna | sin cambio | 0 (0 cotiz.)
DRAGON BALL: Sparking! ZERO | Ultimate Edition | Cuenta | links | ninguna | sin cambio | 0 (0 cotiz.)
Detroit: Become Human | Edicion estandar | CD Key | links | eneba | compra 8640 -> 8457 (2 cotiz.)
Detroit: Become Human | Edicion estandar | Cuenta | links | driffle | compra 3666 -> 3671 (2 cotiz.)
Dispatch | Edicion estandar | CD Key | sin_links_excel | reservado (sin publicar)
Dispatch | Edicion estandar | Cuenta | links | driffle | compra 7041 -> 7050 (2 cotiz.)
Dispatch | Deluxe Edition | CD Key | sin_links_excel | reservado (sin publicar)
Dispatch | Deluxe Edition | Cuenta | links | ninguna | sin cambio | 0 (0 cotiz.)
Dying Light: The Beast | Edicion estandar | CD Key | links | driffle | compra 35207 -> 37951 (3 cotiz.)
Dying Light: The Beast | Edicion estandar | Cuenta | links | driffle | compra 32542 -> 32583 (2 cotiz.)
Dying Light: The Beast | Deluxe Edition | CD Key | links | driffle | compra 43508 -> 43562 (2 cotiz.)
Dying Light: The Beast | Deluxe Edition | Cuenta | links | driffle | compra 40601 -> 40668 (2 cotiz.)
Dynasty Warriors: Origins | Edicion estandar | CD Key | links | driffle | compra 62000 -> 63112 (2 cotiz.)
Dynasty Warriors: Origins | Edicion estandar | Cuenta | links | kinguin | compra 63066 -> 63144 (1 cotiz.)
Dynasty Warriors: Origins | Deluxe Edition | CD Key | links | ninguna | sin cambio | 0 (0 cotiz.)
Dynasty Warriors: Origins | Deluxe Edition | Cuenta | links | ninguna | sin cambio | 0 (0 cotiz.)
EA SPORTS™ College Football 27 | Edicion estandar | CD Key | sin_links_excel | reservado (sin publicar)
EA SPORTS™ College Football 27 | Edicion estandar | Cuenta | links | kinguin | compra 71367 -> 71455 (1 cotiz.)
EA SPORTS™ College Football 27 | Deluxe Edition | CD Key | sin_links_excel | reservado (sin publicar)
EA SPORTS™ College Football 27 | Deluxe Edition | Cuenta | links | kinguin | compra 74694 -> 74786 (1 cotiz.)
EA SPORTS FC 26 | Edicion estandar | CD Key | sin_links_excel | reservado (sin publicar)
EA SPORTS FC 26 | Edicion estandar | Cuenta | links | kinguin | compra 5378 -> 5902 (2 cotiz.)
EA SPORTS FC 26 | The World's Game Edition | CD Key | links | ninguna | sin cambio | 0 (0 cotiz.)
EA SPORTS FC 26 | The World's Game Edition | Cuenta | links | driffle | compra 14987 -> 15006 (2 cotiz.)
EA SPORTS FC™ 27 | Edicion estandar | CD Key | sin_links_excel | reservado (sin publicar)
EA SPORTS FC™ 27 | Edicion estandar | Cuenta | links | driffle | compra 53457 -> 53296 (2 cotiz.)
EA SPORTS FC™ 27 | Ultimate Edition | CD Key | sin_links_excel | reservado (sin publicar)
EA SPORTS FC™ 27 | Ultimate Edition | Cuenta | links | kinguin | compra 97158 -> 97295 (1 cotiz.)
EA SPORTS FC™ 27 | Ultimate Plus Edition | CD Key | sin_links_excel | reservado (sin publicar)
EA SPORTS FC™ 27 | Ultimate Plus Edition | Cuenta | links | kinguin | compra 185241 -> 185470 (1 cotiz.)
ELDEN RING | Edicion estandar | CD Key | links | eneba | compra 87323 -> 87399 (1 cotiz.)
ELDEN RING | Edicion estandar | Cuenta | links | driffle | compra 49855 -> 49933 (2 cotiz.)
ELDEN RING | Shadow of the Erdtree Edition | CD Key | links | ninguna | sin cambio | 0 (0 cotiz.)
ELDEN RING | Shadow of the Erdtree Edition | Cuenta | links | kinguin | compra 85530 -> 85636 (2 cotiz.)
ELDEN RING | Shadow of the Erdtree Deluxe Edition | CD Key | links | eneba | compra 206865 -> 207025 (1 cotiz.)
ELDEN RING | Deluxe Edition | Cuenta | links | kinguin | compra 109336 -> 119221 (1 cotiz.)
ELDEN RING NIGHTREIGN | Edicion estandar | CD Key | links | eneba | compra 45931 -> 45955 (1 cotiz.)
ELDEN RING NIGHTREIGN | Edicion estandar | Cuenta | links | driffle | compra 35352 -> 33941 (2 cotiz.)
ELDEN RING NIGHTREIGN | Deluxe Edition | CD Key | links | eneba | compra 63389 -> 63435 (3 cotiz.)
ELDEN RING NIGHTREIGN | Deluxe Edition | Cuenta | links | kinguin | compra 52374 -> 52439 (1 cotiz.)
F1 25 | 2026 Season Edition | CD Key | links | kinguin | compra 48466 -> 48526 (1 cotiz.)
F1 25 | 2026 Season Edition | Cuenta | links | kinguin | compra 38227 -> 38274 (2 cotiz.)
Fallout 76 | Edicion estandar | CD Key | links | eneba | compra 12823 -> 12839 (3 cotiz.)
Fallout 76 | Edicion estandar | Cuenta | links | kinguin | compra 4215 -> 4220 (2 cotiz.)
FINAL FANTASY VII REMAKE INTERGRADE | Edicion estandar | CD Key | links | driffle | compra 20317 -> 22525 (3 cotiz.)
FINAL FANTASY VII REMAKE INTERGRADE | Edicion estandar | Cuenta | links | ninguna | sin cambio | 0 (0 cotiz.)
Forza Horizon 5 | Edicion estandar | CD Key | links | ninguna | sin cambio | 0 (0 cotiz.)
Forza Horizon 5 | Edicion estandar | Cuenta | links | kinguin | compra 16909 -> 16784 (2 cotiz.)
Forza Horizon 5 | Deluxe Edition | CD Key | sin_links_excel | reservado (sin publicar)
Forza Horizon 5 | Deluxe Edition | Cuenta | links | kinguin | compra 26648 -> 26681 (2 cotiz.)
Forza Horizon 5 | Premium Edition | CD Key | links | ninguna | sin cambio | 0 (0 cotiz.)
Forza Horizon 5 | Premium Edition | Cuenta | links | driffle | compra 27035 -> 26955 (2 cotiz.)
Forza Horizon 6 | Edicion estandar | CD Key | sin_links_excel | reservado (sin publicar)
Forza Horizon 6 | Edicion estandar | Cuenta | links | driffle | compra 52084 -> 52148 (2 cotiz.)
Forza Horizon 6 | Deluxe Edition | CD Key | sin_links_excel | reservado (sin publicar)
Forza Horizon 6 | Deluxe Edition | Cuenta | links | driffle | compra 77181 -> 77293 (2 cotiz.)
Forza Horizon 6 | Premium Edition | CD Key | sin_links_excel | reservado (sin publicar)
Forza Horizon 6 | Premium Edition | Cuenta | links | driffle | compra 86677 -> 86801 (2 cotiz.)
Gears of War: E-Day | Edicion estandar | CD Key | sin_links_excel | reservado (sin publicar)
Gears of War: E-Day | Edicion estandar | Cuenta | links | driffle | compra 73676 -> 73784 (2 cotiz.)
Gears of War: E-Day | Premium Edition | CD Key | sin_links_excel | reservado (sin publicar)
Gears of War: E-Day | Premium Edition | Cuenta | links | driffle | compra 106186 -> 106334 (2 cotiz.)
Ghost of Tsushima | Director's Cut | CD Key | links | driffle | compra 38308 -> 38355 (3 cotiz.)
Ghost of Tsushima | Director's Cut | Cuenta | sin_links_excel | reservado (sin publicar)
God of War | Edicion estandar | CD Key | links | eneba | compra 22497 -> 23155 (2 cotiz.)
God of War | Edicion estandar | Cuenta | links | driffle | compra 29490 -> 29543 (2 cotiz.)
God Of War Ragnarök | Edicion estandar | CD Key | links | eneba | compra 47352 -> 47394 (2 cotiz.)
God Of War Ragnarök | Edicion estandar | Cuenta | links | driffle | compra 76438 -> 76533 (1 cotiz.)
God Of War Ragnarök | Deluxe Edition | CD Key | links | driffle | compra 65101 -> 65197 (1 cotiz.)
God Of War Ragnarök | Deluxe Edition | Cuenta | links | ninguna | sin cambio | 0 (0 cotiz.)
Gothic 1 Remake | Edicion estandar | CD Key | links | eneba | compra 37193 -> 37223 (3 cotiz.)
Gothic 1 Remake | Edicion estandar | Cuenta | links | driffle | compra 45769 -> 45826 (1 cotiz.)
Grand Theft Auto V | Enhanced | CD Key | sin_links_excel | reservado (sin publicar)
Grand Theft Auto V | Enhanced | Cuenta | links | kinguin | compra 16457 -> 16477 (2 cotiz.)
Halo: Campaign Evolved | Edicion estandar | CD Key | sin_links_excel | reservado (sin publicar)
Halo: Campaign Evolved | Edicion estandar | Cuenta | links | kinguin | compra 51309 -> 51372 (2 cotiz.)
Halo: Campaign Evolved | Premium Edition | CD Key | sin_links_excel | reservado (sin publicar)
Halo: Campaign Evolved | Premium Edition | Cuenta | links | kinguin | compra 70446 -> 70534 (2 cotiz.)
HELLDIVERS 2 | Edicion estandar | CD Key | links | eneba | compra 55863 -> 61834 (3 cotiz.)
HELLDIVERS 2 | Edicion estandar | Cuenta | links | driffle | compra 40633 -> 40700 (2 cotiz.)
HELLDIVERS 2 | Super Citizen Edition | CD Key | links | kinguin | compra 5152 -> 5158 (3 cotiz.)
HELLDIVERS 2 | Super Citizen Edition | Cuenta | links | kinguin | compra 73870 -> 73962 (1 cotiz.)
HITMAN World of Assassination | Edicion estandar | CD Key | links | ninguna | sin cambio | 0 (0 cotiz.)
HITMAN World of Assassination | Edicion estandar | Cuenta | links | driffle | compra 12403 -> 12419 (1 cotiz.)
HITMAN World of Assassination | Deluxe Edition | CD Key | links | kinguin | compra 120350 -> 108501 (1 cotiz.)
HITMAN World of Assassination | Deluxe Edition | Cuenta | links | driffle | compra 63340 -> 63306 (2 cotiz.)
Hogwarts Legacy | Edicion estandar | CD Key | links | driffle | compra 7526 -> 7535 (3 cotiz.)
Hogwarts Legacy | Edicion estandar | Cuenta | links | driffle | compra 3488 -> 4317 (2 cotiz.)
Hogwarts Legacy | Deluxe Edition | CD Key | links | eneba | compra 10013 -> 10025 (3 cotiz.)
Hogwarts Legacy | Deluxe Edition | Cuenta | links | kinguin | compra 7348 -> 7454 (2 cotiz.)
Invincible VS | Edicion estandar | CD Key | links | eneba | compra 73305 -> 73088 (1 cotiz.)
Invincible VS | Edicion estandar | Cuenta | links | kinguin | compra 21253 -> 21280 (2 cotiz.)
Invincible VS | Deluxe Edition | CD Key | links | ninguna | sin cambio | 0 (0 cotiz.)
Invincible VS | Deluxe Edition | Cuenta | links | driffle | compra 46593 -> 46650 (2 cotiz.)
It takes two | Edicion estandar | CD Key | links | eneba | compra 67346 -> 67397 (2 cotiz.)
It takes two | Edicion estandar | Cuenta | links | kinguin | compra 9512 -> 9524 (2 cotiz.)
LEGO Batman: Legacy of the Dark Knight | Edicion estandar | CD Key | links | eneba | compra 60062 -> 69935 (2 cotiz.)
LEGO Batman: Legacy of the Dark Knight | Edicion estandar | Cuenta | links | kinguin | compra 66199 -> 66281 (1 cotiz.)
LEGO Batman: Legacy of the Dark Knight | Deluxe Edition | CD Key | links | eneba | compra 79442 -> 88612 (1 cotiz.)
LEGO Batman: Legacy of the Dark Knight | Deluxe Edition | Cuenta | links | kinguin | compra 81073 -> 81173 (1 cotiz.)
MARVEL Tokon: Fighting Souls | Edicion estandar | CD Key | sin_links_excel | reservado (sin publicar)
MARVEL Tokon: Fighting Souls | Edicion estandar | Cuenta | sin_links_excel | reservado (sin publicar)
MARVEL Tokon: Fighting Souls | Deluxe Edition | CD Key | links | kinguin | compra 144446 -> 142102 (1 cotiz.)
MARVEL Tokon: Fighting Souls | Deluxe Edition | Cuenta | sin_links_excel | reservado (sin publicar)
MARVEL Tokon: Fighting Souls | Ultimate Edition | CD Key | links | kinguin | compra 167072 -> 167279 (1 cotiz.)
MARVEL Tokon: Fighting Souls | Ultimate Edition | Cuenta | sin_links_excel | reservado (sin publicar)
Marvel vs. Capcom: Infinite | Edicion estandar | CD Key | links | eneba | compra 7074 -> 7082 (2 cotiz.)
Marvel vs. Capcom: Infinite | Edicion estandar | Cuenta | sin_links_excel | reservado (sin publicar)
Marvel vs. Capcom: Infinite | Deluxe Edition | CD Key | links | eneba | compra 11693 -> 11691 (2 cotiz.)
Marvel vs. Capcom: Infinite | Deluxe Edition | Cuenta | sin_links_excel | reservado (sin publicar)
Marvel's Spider-Man 2 | Edicion estandar | CD Key | links | eneba | compra 47723 -> 47799 (2 cotiz.)
Marvel's Spider-Man 2 | Edicion estandar | Cuenta | links | driffle | compra 74597 -> 74705 (1 cotiz.)
Marvel's Spider-Man 2 | Deluxe Edition | CD Key | links | driffle | compra 53037 -> 53118 (1 cotiz.)
Marvel's Spider-Man 2 | Deluxe Edition | Cuenta | sin_links_excel | reservado (sin publicar)
Marvel's Spider-Man Remastered | Edicion estandar | CD Key | links | eneba | compra 31202 -> 31224 (1 cotiz.)
Marvel's Spider-Man Remastered | Edicion estandar | Cuenta | links | ninguna | sin cambio | 0 (0 cotiz.)
Marvel's Spider-Man: Miles Morales | Edicion estandar | CD Key | links | eneba | compra 23870 -> 23883 (2 cotiz.)
Marvel's Spider-Man: Miles Morales | Edicion estandar | Cuenta | links | ninguna | sin cambio | 0 (0 cotiz.)
Microsoft Flight Simulator 2024 | Edicion estandar | CD Key | links | ninguna | compra 103344 -> 0 (0 cotiz.)
Microsoft Flight Simulator 2024 | Edicion estandar | Cuenta | links | driffle | compra 55427 -> 55366 (2 cotiz.)
Microsoft Flight Simulator 2024 | Deluxe Edition | CD Key | links | loaded | compra 146949 -> 147131 (1 cotiz.)
Microsoft Flight Simulator 2024 | Deluxe Edition | Cuenta | links | driffle | compra 146367 -> 146565 (2 cotiz.)
Microsoft Flight Simulator 2024 | Premium Deluxe | CD Key | links | ninguna | compra 190554 -> 0 (0 cotiz.)
Microsoft Flight Simulator 2024 | Deluxe Edition | Cuenta | links | driffle | compra 187970 -> 188235 (2 cotiz.)
Microsoft Flight Simulator 2024 | Aviator Edition | CD Key | links | ninguna | compra 292299 -> 0 (0 cotiz.)
Microsoft Flight Simulator 2024 | Aviator Edition | Cuenta | links | kinguin | compra 272289 -> 272626 (1 cotiz.)
Monster Hunter Wilds | Edicion estandar | CD Key | links | eneba | compra 32736 -> 33116 (2 cotiz.)
Monster Hunter Wilds | Edicion estandar | Cuenta | links | driffle | compra 39261 -> 39325 (1 cotiz.)
Monster Hunter Wilds | Deluxe Edition | CD Key | links | kinguin | compra 16392 -> 16413 (1 cotiz.)
Monster Hunter Wilds | Deluxe Edition | Cuenta | links | ninguna | sin cambio | 0 (0 cotiz.)
Monster Hunter Wilds | Premium Deluxe | CD Key | links | kinguin | compra 16392 -> 16413 (1 cotiz.)
Monster Hunter Wilds | Deluxe Edition | Cuenta | links | ninguna | sin cambio | 0 (0 cotiz.)
Mortal Kombat 1 | Edicion estandar | CD Key | links | eneba | compra 15310 -> 14682 (3 cotiz.)
Mortal Kombat 1 | Edicion estandar | Cuenta | links | kinguin | compra 33414 -> 33456 (1 cotiz.)
Mortal Kombat 1 | Definitive Edition | CD Key | links | eneba | compra 21576 -> 21830 (3 cotiz.)
Mortal Kombat 1 | Definitive Edition | Cuenta | links | kinguin | compra 31767 -> 31806 (1 cotiz.)
NBA 2K26 | Edicion estandar | CD Key | links | eneba | compra 18766 -> 18773 (2 cotiz.)
NBA 2K26 | Edicion estandar | Cuenta | links | kinguin | compra 11773 -> 11788 (2 cotiz.)
NBA 2K26 | Slam Edition | CD Key | links | eneba | compra 32817 -> 32841 (3 cotiz.)
NBA 2K26 | Slam Edition | Cuenta | links | kinguin | compra 38259 -> 38307 (2 cotiz.)
NBA 2K26 | Superstar Edition | CD Key | links | driffle | compra 37791 -> 37482 (3 cotiz.)
NBA 2K26 | Superstar Edition | Cuenta | links | kinguin | compra 36580 -> 36625 (1 cotiz.)
NieR: Automata | (Game of the YoRHa Edition | CD Key | links | kinguin | compra 14955 -> 18870 (3 cotiz.)
NieR: Automata | (Game of the YoRHa Edition | Cuenta | links | driffle | compra 7477 -> 7487 (2 cotiz.)
Path of Exile 2 | Edicion estandar | CD Key | links | ninguna | sin cambio | 0 (0 cotiz.)
Path of Exile 2 | Edicion estandar | Cuenta | links | kinguin | compra 22675 -> 22573 (1 cotiz.)
Path of Exile 2 | Lord of Ogham Supporter Pack | CD Key | sin_links_excel | reservado (sin publicar)
Path of Exile 2 | Lord of Ogham Supporter Pack | Cuenta | links | kinguin | compra 41554 -> 41605 (1 cotiz.)
Path of Exile 2 | King of the Faridun Supporter Pack | CD Key | sin_links_excel | reservado (sin publicar)
Path of Exile 2 | King of the Faridun Supporter Pack | Cuenta | links | kinguin | compra 90117 -> 90229 (1 cotiz.)
Persona 3 Reload | Edicion estandar | CD Key | links | driffle | compra 27293 -> 27327 (2 cotiz.)
Persona 3 Reload | Edicion estandar | Cuenta | links | kinguin | compra 24241 -> 24530 (1 cotiz.)
Persona 3 Reload | Deluxe Edition | CD Key | links | driffle | compra 46754 -> 46828 (1 cotiz.)
Persona 3 Reload | Deluxe Edition | Cuenta | links | kinguin | compra 27326 -> 27360 (1 cotiz.)
Persona 3 Reload | Premium Deluxe | CD Key | links | ninguna | sin cambio | 0 (0 cotiz.)
Persona 3 Reload | Premium Edition | Cuenta | links | kinguin | compra 34432 -> 34474 (1 cotiz.)
PRAGMATA | Edicion estandar | CD Key | links | eneba | compra 54781 -> 55900 (3 cotiz.)
PRAGMATA | Edicion estandar | Cuenta | links | kinguin | compra 44413 -> 44468 (1 cotiz.)
PRAGMATA | Deluxe Edition | CD Key | links | driffle | compra 66522 -> 67461 (3 cotiz.)
PRAGMATA | Deluxe Edition | Cuenta | links | kinguin | compra 87565 -> 87674 (1 cotiz.)
Ready Or Not | Edicion estandar | CD Key | links | driffle | compra 16877 -> 16898 (3 cotiz.)
Ready Or Not | Edicion estandar | Cuenta | links | driffle | compra 11014 -> 11028 (2 cotiz.)
Ready Or Not | Deluxe Edition | CD Key | links | kinguin | compra 27956 -> 27990 (1 cotiz.)
Ready Or Not | Deluxe Edition | Cuenta | links | ninguna | sin cambio | 0 (0 cotiz.)
Red Dead Redemption 2 | Edicion estandar | CD Key | links | ninguna | sin cambio | 0 (0 cotiz.)
Red Dead Redemption 2 | Edicion estandar | Cuenta | links | kinguin | compra 16053 -> 15960 (1 cotiz.)
Red Dead Redemption 2 | Ultimate Edition | CD Key | sin_links_excel | reservado (sin publicar)
Red Dead Redemption 2 | Ultimate Edition | Cuenta | links | kinguin | compra 22158 -> 22185 (1 cotiz.)
RESIDENT EVIL 2 | Edicion estandar | CD Key | links | eneba | compra 9028 -> 9508 (3 cotiz.)
RESIDENT EVIL 2 | Edicion estandar | Cuenta | links | kinguin | compra 14842 -> 14860 (1 cotiz.)
RESIDENT EVIL 2 | Deluxe Edition | CD Key | links | eneba | compra 12080 -> 12014 (3 cotiz.)
RESIDENT EVIL 2 | Deluxe Edition | Cuenta | sin_links_excel | reservado (sin publicar)
Resident Evil 3 | Edicion estandar | CD Key | links | eneba | compra 8899 -> 8894 (2 cotiz.)
Resident Evil 3 | Edicion estandar | Cuenta | links | kinguin | compra 15682 -> 15701 (2 cotiz.)
Resident Evil 4 (2023) | Edicion estandar | CD Key | links | eneba | compra 11192 -> 12047 (3 cotiz.)
Resident Evil 4 (2023) | Edicion estandar | Cuenta | links | kinguin | compra 10320 -> 10333 (1 cotiz.)
Resident Evil 4 (2023) | Gold Edition | CD Key | links | eneba | compra 16667 -> 16219 (2 cotiz.)
Resident Evil 4 (2023) | Gold Edition | Cuenta | links | kinguin | compra 72869 -> 72959 (1 cotiz.)
Resident Evil 7 Gold Edition & Village Gold Edition | Gold Edition Bundle | CD Key | links | eneba | compra 29345 -> 29187 (1 cotiz.)
Resident Evil 7 Gold Edition & Village Gold Edition | Gold Edition Bundle | Cuenta | links | kinguin | compra 86403 -> 86510 (1 cotiz.)
Resident Evil 7: Biohazard | Edicion estandar | CD Key | links | eneba | compra 9997 -> 10042 (2 cotiz.)
Resident Evil 7: Biohazard | Edicion estandar | Cuenta | links | ninguna | sin cambio | 0 (0 cotiz.)
Resident Evil 7: Biohazard | Gold Edition | CD Key | links | eneba | compra 11854 -> 12176 (2 cotiz.)
Resident Evil 7: Biohazard | Gold Edition | Cuenta | sin_links_excel | reservado (sin publicar)
Resident Evil Requiem | Edicion estandar | CD Key | links | eneba | compra 56412 -> 56498 (3 cotiz.)
Resident Evil Requiem | Edicion estandar | Cuenta | links | kinguin | compra 61693 -> 61769 (1 cotiz.)
Resident Evil Requiem | Deluxe Edition | CD Key | links | eneba | compra 64519 -> 64842 (3 cotiz.)
Resident Evil Requiem | Deluxe Edition | Cuenta | links | kinguin | compra 73644 -> 71762 (1 cotiz.)
Resident Evil Village | Edicion estandar | CD Key | links | eneba | compra 11612 -> 11691 (2 cotiz.)
Resident Evil Village | Edicion estandar | Cuenta | links | kinguin | compra 39842 -> 39891 (1 cotiz.)
Resident Evil Village | Gold Edition | CD Key | links | eneba | compra 17813 -> 18256 (3 cotiz.)
Resident Evil Village | Gold Edition | Cuenta | links | kinguin | compra 73063 -> 73153 (1 cotiz.)
Resident Evil: Raccoon City Edition (Resident Evil 2, Resident Evil 3, RESIDENT EVIL RESISTANCE) | Edicion estandar | CD Key | links | driffle | compra 12968 -> 12985 (2 cotiz.)
Resident Evil: Raccoon City Edition (Resident Evil 2, Resident Evil 3, RESIDENT EVIL RESISTANCE) | Edicion estandar | Cuenta | sin_links_excel | reservado (sin publicar)
Sea of Thieves | 2026 Edition | CD Key | sin_links_excel | reservado (sin publicar)
Sea of Thieves | 2026 Edition | Cuenta | links | driffle | compra 17232 -> 17253 (2 cotiz.)
Sea of Thieves | 2026 Deluxe Edition | CD Key | sin_links_excel | reservado (sin publicar)
Sea of Thieves | Deluxe Edition | Cuenta | links | driffle | compra 50501 -> 50709 (2 cotiz.)
Sea of Thieves | 2026 Premium Edition | CD Key | sin_links_excel | reservado (sin publicar)
Sea of Thieves | Premium Edition | Cuenta | links | driffle | compra 59561 -> 59489 (2 cotiz.)
SILENT HILL 2 | Edicion estandar | CD Key | links | kinguin | compra 33253 -> 33294 (4 cotiz.)
SILENT HILL 2 | Edicion estandar | Cuenta | links | driffle | compra 29215 -> 29106 (2 cotiz.)
SILENT HILL 2 | Deluxe Edition | CD Key | links | ninguna | sin cambio | 0 (0 cotiz.)
SILENT HILL 2 | Deluxe Edition | Cuenta | links | ninguna | sin cambio | 0 (0 cotiz.)
SILENT HILL f | Edicion estandar | CD Key | links | eneba | compra 44477 -> 44500 (3 cotiz.)
SILENT HILL f | Edicion estandar | Cuenta | links | driffle | compra 20204 -> 20229 (2 cotiz.)
SILENT HILL f | Deluxe Edition | CD Key | links | ninguna | sin cambio | 0 (0 cotiz.)
SILENT HILL f | Deluxe Edition | Cuenta | links | kinguin | compra 29684 -> 29720 (1 cotiz.)
SILENT HILL: Townfall | Edicion estandar | CD Key | links | eneba | compra 60449 -> 60702 (2 cotiz.)
SILENT HILL: Townfall | Edicion estandar | Cuenta | sin_links_excel | reservado (sin publicar)
SILENT HILL: Townfall | Deluxe Edition | CD Key | links | loaded | compra 73951 -> 70970 (2 cotiz.)
SILENT HILL: Townfall | Deluxe Edition | Cuenta | sin_links_excel | reservado (sin publicar)
Split Fiction | Edicion estandar | CD Key | links | eneba | compra 70026 -> 70081 (2 cotiz.)
Split Fiction | Edicion estandar | Cuenta | links | driffle | compra 27649 -> 27182 (2 cotiz.)
STAR WARS Jedi: Survivor | Edicion estandar | CD Key | links | ninguna | sin cambio | 0 (0 cotiz.)
STAR WARS Jedi: Survivor | Edicion estandar | Cuenta | links | driffle | compra 10433 -> 10446 (2 cotiz.)
STAR WARS Jedi: Survivor | Deluxe Edition | CD Key | links | ninguna | sin cambio | 0 (0 cotiz.)
STAR WARS Jedi: Survivor | Deluxe Edition | Cuenta | links | kinguin | compra 30007 -> 30044 (1 cotiz.)
Stellar Blade | Edicion estandar | CD Key | links | eneba | compra 44235 -> 43788 (4 cotiz.)
Stellar Blade | Edicion estandar | Cuenta | links | driffle | compra 50178 -> 50240 (1 cotiz.)
Stellar Blade | Complete Edition | CD Key | links | eneba | compra 67782 -> 67833 (4 cotiz.)
Stellar Blade | Complete Edition | Cuenta | links | kinguin | compra 78101 -> 78392 (2 cotiz.)
Street Fighter 6 | Edicion estandar | CD Key | links | eneba | compra 24273 -> 24223 (1 cotiz.)
Street Fighter 6 | Edicion estandar | Cuenta | links | kinguin | compra 37323 -> 37369 (1 cotiz.)
Street Fighter 6 | 6 Years 1-2 Fighters Edition | CD Key | links | kinguin | compra 43750 -> 39422 (2 cotiz.)
Street Fighter 6 | 6 Years 1-2 Fighters Edition | Cuenta | links | kinguin | compra 63179 -> 63257 (1 cotiz.)
Subnautica 2 | Edicion estandar | CD Key | links | ninguna | sin cambio | 0 (0 cotiz.)
Subnautica 2 | Edicion estandar | Cuenta | links | driffle | compra 22562 -> 22606 (2 cotiz.)
TEKKEN 8 | Edicion estandar | CD Key | links | loaded | compra 32122 -> 32162 (3 cotiz.)
TEKKEN 8 | Edicion estandar | Cuenta | links | driffle | compra 50776 -> 50855 (2 cotiz.)
The Elder Scrolls V: Skyrim Special Edition | Edicion estandar | CD Key | links | eneba | compra 15730 -> 15733 (3 cotiz.)
The Elder Scrolls V: Skyrim Special Edition | Edicion estandar | Cuenta | links | driffle | compra 29571 -> 29607 (2 cotiz.)
The Last of Us Part 1 | Edicion estandar | CD Key | links | kinguin | compra 40472 -> 41541 (1 cotiz.)
The Last of Us Part 1 | Edicion estandar | Cuenta | links | kinguin | compra 34303 -> 34345 (1 cotiz.)
The Last of Us Part 1 | Deluxe Edition | CD Key | links | ninguna | sin cambio | 0 (0 cotiz.)
The Last of Us Part 1 | Deluxe Edition | Cuenta | sin_links_excel | reservado (sin publicar)
The Last of Us Part 2 Remastered | Edicion estandar | CD Key | links | kinguin | compra 43169 -> 42188 (1 cotiz.)
The Last of Us Part 2 Remastered | Edicion estandar | Cuenta | links | kinguin | compra 49064 -> 49124 (1 cotiz.)
The Witcher 3: Wild Hunt | Edicion estandar | CD Key | sin_links_excel | reservado (sin publicar)
The Witcher 3: Wild Hunt | Edicion estandar | Cuenta | links | kinguin | compra 11806 -> 11675 (1 cotiz.)
The Witcher 3: Wild Hunt | Complete Edition | CD Key | sin_links_excel | reservado (sin publicar)
The Witcher 3: Wild Hunt | Complete Edition | Cuenta | links | kinguin | compra 13114 -> 12968 (1 cotiz.)
UNCHARTED™: Legacy of Thieves Collection | Edicion estandar | CD Key | links | driffle | compra 19881 -> 19921 (2 cotiz.)
UNCHARTED™: Legacy of Thieves Collection | Edicion estandar | Cuenta | sin_links_excel | reservado (sin publicar)
Until Dawn | Edicion estandar | CD Key | links | eneba | compra 43492 -> 43530 (3 cotiz.)
Until Dawn | Edicion estandar | Cuenta | links | kinguin | compra 83027 -> 83130 (1 cotiz.)
WWE 2K25 | Edicion estandar | CD Key | links | driffle | compra 32252 -> 32469 (3 cotiz.)
WWE 2K25 | Edicion estandar | Cuenta | links | kinguin | compra 49241 -> 49302 (1 cotiz.)
WWE 2K25 | Bloodline Edition | CD Key | links | driffle | compra 191733 -> 192100 (2 cotiz.)
WWE 2K25 | Bloodline Edition | Cuenta | links | kinguin | compra 143719 -> 143994 (1 cotiz.)
WWE 2K26 | Edicion estandar | CD Key | links | kinguin | compra 41312 -> 38873 (2 cotiz.)
WWE 2K26 | Edicion estandar | Cuenta | links | kinguin | compra 42814 -> 42867 (1 cotiz.)
WWE 2K26 | King of Kings Edition | CD Key | sin_links_excel | reservado (sin publicar)
WWE 2K26 | King of Kings Edition | Cuenta | links | kinguin | compra 63324 -> 63403 (1 cotiz.)
WWE 2K26 | Attitude Era Edition | CD Key | links | kinguin | compra 85094 -> 85200 (1 cotiz.)
WWE 2K26 | Attitude Era Edition | Cuenta | links | kinguin | compra 87598 -> 81513 (1 cotiz.)

--- Precios / visibilidad ---
007 First Light | Edicion estandar | CD Key | OCULTO sin compra verificada | Steam
007 First Light | Edicion estandar | Cuenta | OCULTO sin compra verificada | Steam
007 First Light | Edición Deluxe | CD Key | OCULTO sin compra verificada | Steam
007 First Light | Deluxe Edition | Cuenta | PUBLICADO compra_alta | venta 79146
A way out | Edicion estandar | CD Key | OCULTO sin link Excel (reservado)
ARC Raiders | Edicion estandar | Cuenta | OCULTO sin compra verificada | Steam
ARC Raiders | Deluxe Edition | Cuenta | PUBLICADO compra_alta | venta 89770
ARK: Survival Ascended | Edicion estandar | CD Key | PUBLICADO compra_alta | venta 101138
Assassin's Creed Mirage | Edicion estandar | CD Key | OCULTO sin link Excel (reservado)
Assassin's Creed Mirage | Edición Deluxe | CD Key | OCULTO sin link Excel (reservado)
Assassin's Creed Mirage | Deluxe Edition | Cuenta | OCULTO sin compra verificada | Steam
Assassin's Creed Mirage | Master Assassin Edition | CD Key | OCULTO sin link Excel (reservado)
Assassin's Creed Mirage | Master Assassin Edition | Cuenta | OCULTO sin compra verificada | Steam
Assassin's Creed Shadows | Edicion estandar | CD Key | OCULTO sin compra verificada | Steam
Assassin's Creed Shadows | Edición Deluxe | CD Key | OCULTO sin compra verificada | Steam
Assassin's Creed Shadows | Premium Edition | CD Key | OCULTO sin compra verificada | Steam
Assassin's Creed Shadows | Premium Edition | Cuenta | OCULTO sin link Excel (reservado)
Baldur's Gate 3 | Edicion estandar | CD Key | OCULTO sin link Excel (reservado)
Black Myth: Wukong | Edición Deluxe | CD Key | OCULTO sin compra verificada | Steam
Black Myth: Wukong | Deluxe Edition | Cuenta | PUBLICADO compra_alta | venta 98308
Borderlands 4 | Deluxe Edition | Cuenta | PUBLICADO compra_alta | venta 149179
Call of Duty: Black Ops 7 | Edicion estandar | CD Key | OCULTO sin link Excel (reservado)
Call of Duty: Black Ops 7 | Vault Edition | CD Key | OCULTO sin link Excel (reservado)
Call of Duty: Black Ops 7 | Vault Edition | Cuenta | OCULTO sin compra verificada | Steam
Call of Duty: Black Ops III | Zombies Chronicles Edition | CD Key | OCULTO sin link Excel (reservado)
Call of Duty: Black Ops III | Zombies Deluxe | CD Key | OCULTO sin link Excel (reservado)
Call of Duty: Black Ops III | Deluxe Edition | Cuenta | OCULTO sin compra verificada | Steam
Clair Obscur: Expedition 33 | Edicion estandar | CD Key | PUBLICADO compra_alta | venta 59431
Clair Obscur: Expedition 33 | Edicion estandar | Cuenta | PUBLICADO compra_alta | venta 51431
Clair Obscur: Expedition 33 | Edición Deluxe | CD Key | OCULTO sin compra verificada | Steam
Clair Obscur: Expedition 33 | Deluxe Edition | Cuenta | PUBLICADO compra_alta | venta 73826
Cuphead | Edicion estandar | CD Key | PUBLICADO compra_alta | venta 38985
Cuphead | & The Delicious Last Course | CD Key | PUBLICADO compra_alta | venta 48468
Cuphead | & The Delicious Last Course | Cuenta | PUBLICADO compra_alta | venta 40468
Cyberpunk 2077 | Edicion estandar | CD Key | OCULTO sin link Excel (reservado)
Cyberpunk 2077 | Ultimate Edition | CD Key | OCULTO sin link Excel (reservado)
DayZ | Cool Edition | CD Key | PUBLICADO compra_alta | venta 125694
Dead by Daylight | Edicion estandar | CD Key | OCULTO sin compra verificada | Steam
Dead by Daylight | Edicion estandar | Cuenta | PUBLICADO compra_alta | venta 21872
Dead by Daylight | Gold Edition | CD Key | OCULTO sin link Excel (reservado)
Dead by Daylight | Gold Edition | Cuenta | PUBLICADO compra_alta | venta 85129
Death Stranding 2: On the Beach | Edicion estandar | CD Key | PUBLICADO compra_alta | venta 131150
Death Stranding 2: On the Beach | Deluxe Edition | CD Key | OCULTO sin compra verificada | Steam
Death Stranding 2: On the Beach | Deluxe Edition | Cuenta | OCULTO sin compra verificada | Steam
Diablo IV | Edicion estandar | CD Key | OCULTO sin link Excel (reservado)
Diablo IV | Age of Hatred Collection | CD Key | OCULTO sin link Excel (reservado)
Diablo IV | Age of Hatred Collection | Cuenta | PUBLICADO compra_alta | venta 101704
DRAGON BALL: Sparking! ZERO | Edicion estandar | CD Key | PUBLICADO compra_alta | venta 63510
DRAGON BALL: Sparking! ZERO | Deluxe Edition | CD Key | OCULTO sin compra verificada | Steam
DRAGON BALL: Sparking! ZERO | Deluxe Edition | Cuenta | OCULTO sin compra verificada | Steam
DRAGON BALL: Sparking! ZERO | Ultimate Edition | CD Key | OCULTO sin compra verificada | Steam
DRAGON BALL: Sparking! ZERO | Ultimate Edition | Cuenta | OCULTO sin compra verificada | Steam
Dispatch | Edicion estandar | CD Key | OCULTO sin link Excel (reservado)
Dispatch | Edicion estandar | Cuenta | PUBLICADO compra_alta | venta 22050
Dispatch | Deluxe Edition | CD Key | OCULTO sin link Excel (reservado)
Dispatch | Deluxe Edition | Cuenta | OCULTO sin compra verificada | Steam
Dynasty Warriors: Origins | Edicion estandar | Cuenta | PUBLICADO compra_alta | venta 78144
Dynasty Warriors: Origins | Deluxe Edition | CD Key | OCULTO sin compra verificada | Steam
Dynasty Warriors: Origins | Deluxe Edition | Cuenta | OCULTO sin compra verificada | Steam
EA SPORTS™ College Football 27 | Edicion estandar | CD Key | OCULTO sin link Excel (reservado)
EA SPORTS™ College Football 27 | Edicion estandar | Cuenta | PUBLICADO compra_alta | venta 86455
EA SPORTS™ College Football 27 | Deluxe Edition | CD Key | OCULTO sin link Excel (reservado)
EA SPORTS FC 26 | Edicion estandar | CD Key | OCULTO sin link Excel (reservado)
EA SPORTS FC 26 | The World's Game Edition | CD Key | OCULTO sin compra verificada | Steam
EA SPORTS FC™ 27 | Edicion estandar | CD Key | OCULTO sin link Excel (reservado)
EA SPORTS FC™ 27 | Ultimate Edition | CD Key | OCULTO sin link Excel (reservado)
EA SPORTS FC™ 27 | Ultimate Plus Edition | CD Key | OCULTO sin link Excel (reservado)
EA SPORTS FC™ 27 | Ultimate Plus Edition | Cuenta | PUBLICADO compra_alta | venta 200470
ELDEN RING | Edicion estandar | CD Key | PUBLICADO compra_alta | venta 102399
ELDEN RING | Edicion estandar | Cuenta | PUBLICADO compra_alta | venta 64933
ELDEN RING | Shadow of the Erdtree Edition | CD Key | OCULTO sin compra verificada | Steam
ELDEN RING | Shadow of the Erdtree Edition | Cuenta | PUBLICADO compra_alta | venta 100636
ELDEN RING | Shadow of the Erdtree Deluxe Edition | CD Key | OCULTO sin compra verificada | Steam
ELDEN RING | Deluxe Edition | Cuenta | OCULTO sin compra verificada | Steam
ELDEN RING NIGHTREIGN | Edicion estandar | CD Key | PUBLICADO compra_alta | venta 60955
ELDEN RING NIGHTREIGN | Edicion estandar | Cuenta | PUBLICADO compra_alta | venta 48941
ELDEN RING NIGHTREIGN | Deluxe Edition | CD Key | PUBLICADO compra_alta | venta 78435
ELDEN RING NIGHTREIGN | Deluxe Edition | Cuenta | PUBLICADO compra_alta | venta 67439
FINAL FANTASY VII REMAKE INTERGRADE | Edicion estandar | Cuenta | OCULTO sin compra verificada | Steam
Forza Horizon 5 | Edicion estandar | CD Key | OCULTO sin compra verificada | Steam
Forza Horizon 5 | Deluxe Edition | CD Key | OCULTO sin link Excel (reservado)
Forza Horizon 5 | Premium Edition | CD Key | OCULTO sin compra verificada | Steam
Forza Horizon 6 | Edicion estandar | CD Key | OCULTO sin link Excel (reservado)
Forza Horizon 6 | Edicion estandar | Cuenta | PUBLICADO compra_alta | venta 67148
Forza Horizon 6 | Deluxe Edition | CD Key | OCULTO sin link Excel (reservado)
Forza Horizon 6 | Deluxe Edition | Cuenta | PUBLICADO compra_alta | venta 92293
Forza Horizon 6 | Premium Edition | CD Key | OCULTO sin link Excel (reservado)
Gears of War: E-Day | Edicion estandar | CD Key | OCULTO sin link Excel (reservado)
Gears of War: E-Day | Edicion estandar | Cuenta | PUBLICADO compra_alta | venta 88784
Gears of War: E-Day | Premium Edition | CD Key | OCULTO sin link Excel (reservado)
Gears of War: E-Day | Premium Edition | Cuenta | PUBLICADO compra_alta | venta 121334
Ghost of Tsushima | Director's Cut | Cuenta | OCULTO sin link Excel (reservado)
God Of War Ragnarök | Edicion estandar | Cuenta | PUBLICADO compra_alta | venta 91533
God Of War Ragnarök | Deluxe Edition | CD Key | PUBLICADO compra_alta | venta 80197
God Of War Ragnarök | Deluxe Edition | Cuenta | OCULTO sin compra verificada | Steam
Gothic 1 Remake | Edicion estandar | CD Key | PUBLICADO compra_alta | venta 69950
Gothic 1 Remake | Edicion estandar | Cuenta | PUBLICADO compra_alta | venta 60826
Grand Theft Auto V | Enhanced | CD Key | OCULTO sin link Excel (reservado)
Halo: Campaign Evolved | Edicion estandar | CD Key | OCULTO sin link Excel (reservado)
Halo: Campaign Evolved | Edicion estandar | Cuenta | PUBLICADO compra_alta | venta 66372
Halo: Campaign Evolved | Premium Edition | CD Key | OCULTO sin link Excel (reservado)
Halo: Campaign Evolved | Premium Edition | Cuenta | PUBLICADO compra_alta | venta 85534
HELLDIVERS 2 | Edicion estandar | CD Key | OCULTO sin compra verificada | Steam
HELLDIVERS 2 | Edicion estandar | Cuenta | PUBLICADO compra_alta | venta 55700
HELLDIVERS 2 | Super Citizen Edition | Cuenta | PUBLICADO compra_alta | venta 88962
HITMAN World of Assassination | Edicion estandar | CD Key | OCULTO sin compra verificada | Steam
HITMAN World of Assassination | Edicion estandar | Cuenta | PUBLICADO compra_alta | venta 27419
HITMAN World of Assassination | Deluxe Edition | CD Key | PUBLICADO compra_alta | venta 123501
HITMAN World of Assassination | Deluxe Edition | Cuenta | PUBLICADO compra_alta | venta 78306
Invincible VS | Edicion estandar | CD Key | PUBLICADO compra_alta | venta 88316
Invincible VS | Deluxe Edition | CD Key | OCULTO sin compra verificada | Steam
It takes two | Edicion estandar | CD Key | PUBLICADO compra_alta | venta 85913
LEGO Batman: Legacy of the Dark Knight | Edicion estandar | CD Key | OCULTO sin compra verificada | Steam
LEGO Batman: Legacy of the Dark Knight | Edicion estandar | Cuenta | PUBLICADO compra_alta | venta 81281
MARVEL Tokon: Fighting Souls | Edicion estandar | CD Key | OCULTO sin link Excel (reservado)
MARVEL Tokon: Fighting Souls | Edicion estandar | Cuenta | OCULTO sin link Excel (reservado)
MARVEL Tokon: Fighting Souls | Deluxe Edition | CD Key | PUBLICADO compra_alta | venta 157102
MARVEL Tokon: Fighting Souls | Deluxe Edition | Cuenta | OCULTO sin link Excel (reservado)
MARVEL Tokon: Fighting Souls | Ultimate Edition | CD Key | PUBLICADO compra_alta | venta 182279
MARVEL Tokon: Fighting Souls | Ultimate Edition | Cuenta | OCULTO sin link Excel (reservado)
Marvel vs. Capcom: Infinite | Edicion estandar | Cuenta | OCULTO sin link Excel (reservado)
Marvel vs. Capcom: Infinite | Deluxe Edition | Cuenta | OCULTO sin link Excel (reservado)
Marvel's Spider-Man 2 | Edicion estandar | Cuenta | PUBLICADO compra_alta | venta 89705
Marvel's Spider-Man 2 | Deluxe Edition | Cuenta | OCULTO sin link Excel (reservado)
Marvel's Spider-Man Remastered | Edicion estandar | Cuenta | OCULTO sin compra verificada | Steam
Marvel's Spider-Man: Miles Morales | Edicion estandar | Cuenta | OCULTO sin compra verificada | Steam
Microsoft Flight Simulator 2024 | Edicion estandar | CD Key | OCULTO sin compra verificada | Steam
Microsoft Flight Simulator 2024 | Deluxe Edition | CD Key | PUBLICADO compra_alta | venta 182131
Microsoft Flight Simulator 2024 | Deluxe Edition | Cuenta | OCULTO sin compra verificada | Steam
Microsoft Flight Simulator 2024 | Premium Deluxe | CD Key | OCULTO sin compra verificada | Steam
Microsoft Flight Simulator 2024 | Deluxe Edition | Cuenta | OCULTO sin compra verificada | Steam
Microsoft Flight Simulator 2024 | Aviator Edition | CD Key | OCULTO sin compra verificada | Steam
Microsoft Flight Simulator 2024 | Aviator Edition | Cuenta | PUBLICADO compra_alta | venta 287626
Monster Hunter Wilds | Edicion estandar | CD Key | PUBLICADO compra_alta | venta 62474
Monster Hunter Wilds | Edicion estandar | Cuenta | PUBLICADO compra_alta | venta 54325
Monster Hunter Wilds | Deluxe Edition | Cuenta | OCULTO sin compra verificada | Steam
Monster Hunter Wilds | Deluxe Edition | Cuenta | OCULTO sin compra verificada | Steam
Path of Exile 2 | Edicion estandar | CD Key | OCULTO sin compra verificada | Steam
Path of Exile 2 | Edicion estandar | Cuenta | PUBLICADO compra_alta | venta 37573
Path of Exile 2 | Lord of Ogham Supporter Pack | CD Key | OCULTO sin link Excel (reservado)
Path of Exile 2 | King of the Faridun Supporter Pack | CD Key | OCULTO sin link Excel (reservado)
Persona 3 Reload | Premium Deluxe | CD Key | OCULTO sin compra verificada | Steam
PRAGMATA | Edicion estandar | CD Key | PUBLICADO compra_alta | venta 70900
PRAGMATA | Edicion estandar | Cuenta | PUBLICADO compra_alta | venta 59468
PRAGMATA | Deluxe Edition | CD Key | PUBLICADO compra_alta | venta 102461
PRAGMATA | Deluxe Edition | Cuenta | PUBLICADO compra_alta | venta 102674
Ready Or Not | Deluxe Edition | Cuenta | OCULTO sin compra verificada | Steam
Red Dead Redemption 2 | Edicion estandar | CD Key | OCULTO sin compra verificada | Steam
Red Dead Redemption 2 | Ultimate Edition | CD Key | OCULTO sin link Excel (reservado)
RESIDENT EVIL 2 | Deluxe Edition | Cuenta | OCULTO sin link Excel (reservado)
Resident Evil 4 (2023) | Gold Edition | Cuenta | PUBLICADO compra_alta | venta 87959
Resident Evil 7 Gold Edition & Village Gold Edition | Gold Edition Bundle | Cuenta | PUBLICADO compra_alta | venta 101510
Resident Evil 7: Biohazard | Edicion estandar | CD Key | OCULTO sin compra verificada | Steam
Resident Evil 7: Biohazard | Edicion estandar | Cuenta | OCULTO sin compra verificada | Steam
Resident Evil 7: Biohazard | Gold Edition | Cuenta | OCULTO sin link Excel (reservado)
Resident Evil Requiem | Edicion estandar | Cuenta | PUBLICADO compra_alta | venta 76769
Resident Evil Requiem | Deluxe Edition | Cuenta | PUBLICADO compra_alta | venta 86762
Resident Evil Village | Edicion estandar | Cuenta | PUBLICADO compra_alta | venta 54891
Resident Evil Village | Gold Edition | Cuenta | PUBLICADO compra_alta | venta 88153
Resident Evil: Raccoon City Edition (Resident Evil 2, Resident Evil 3, RESIDENT EVIL RESISTANCE) | Edicion estandar | Cuenta | OCULTO sin link Excel (reservado)
Sea of Thieves | 2026 Edition | CD Key | OCULTO sin link Excel (reservado)
Sea of Thieves | 2026 Edition | Cuenta | PUBLICADO compra_alta | venta 32253
Sea of Thieves | 2026 Deluxe Edition | CD Key | OCULTO sin link Excel (reservado)
Sea of Thieves | Deluxe Edition | Cuenta | PUBLICADO compra_alta | venta 65709
Sea of Thieves | 2026 Premium Edition | CD Key | OCULTO sin link Excel (reservado)
Sea of Thieves | Premium Edition | Cuenta | PUBLICADO compra_alta | venta 74489
SILENT HILL 2 | Edicion estandar | CD Key | PUBLICADO compra_alta | venta 52106
SILENT HILL 2 | Edicion estandar | Cuenta | PUBLICADO compra_alta | venta 44106
SILENT HILL 2 | Deluxe Edition | CD Key | OCULTO sin compra verificada | Steam
SILENT HILL 2 | Deluxe Edition | Cuenta | OCULTO sin compra verificada | Steam
SILENT HILL f | Edicion estandar | CD Key | PUBLICADO compra_alta | venta 61008
SILENT HILL f | Deluxe Edition | CD Key | OCULTO sin compra verificada | Steam
SILENT HILL: Townfall | Edicion estandar | CD Key | OCULTO sin compra verificada | Steam
SILENT HILL: Townfall | Edicion estandar | Cuenta | OCULTO sin link Excel (reservado)
SILENT HILL: Townfall | Deluxe Edition | CD Key | PUBLICADO compra_alta | venta 85970
SILENT HILL: Townfall | Deluxe Edition | Cuenta | OCULTO sin link Excel (reservado)
Split Fiction | Edicion estandar | CD Key | PUBLICADO compra_alta | venta 86189
STAR WARS Jedi: Survivor | Edicion estandar | CD Key | OCULTO sin compra verificada | Steam
STAR WARS Jedi: Survivor | Deluxe Edition | CD Key | OCULTO sin compra verificada | Steam
Stellar Blade | Complete Edition | Cuenta | PUBLICADO compra_alta | venta 93392
Street Fighter 6 | Edicion estandar | Cuenta | PUBLICADO compra_alta | venta 52369
Street Fighter 6 | 6 Years 1-2 Fighters Edition | Cuenta | PUBLICADO compra_alta | venta 78257
Subnautica 2 | Edicion estandar | CD Key | OCULTO sin compra verificada | Steam
Subnautica 2 | Edicion estandar | Cuenta | PUBLICADO compra_alta | venta 37606
TEKKEN 8 | Edicion estandar | CD Key | PUBLICADO compra_alta | venta 67162
TEKKEN 8 | Edicion estandar | Cuenta | PUBLICADO compra_alta | venta 65855
The Elder Scrolls V: Skyrim Special Edition | Edicion estandar | Cuenta | OCULTO sin compra verificada | Steam
The Last of Us Part 1 | Deluxe Edition | CD Key | OCULTO sin compra verificada | Steam
The Last of Us Part 1 | Deluxe Edition | Cuenta | OCULTO sin link Excel (reservado)
The Last of Us Part 2 Remastered | Edicion estandar | CD Key | PUBLICADO compra_alta | venta 73743
The Last of Us Part 2 Remastered | Edicion estandar | Cuenta | PUBLICADO compra_alta | venta 64124
The Witcher 3: Wild Hunt | Edicion estandar | CD Key | OCULTO sin link Excel (reservado)
The Witcher 3: Wild Hunt | Complete Edition | CD Key | OCULTO sin link Excel (reservado)
UNCHARTED™: Legacy of Thieves Collection | Edicion estandar | Cuenta | OCULTO sin link Excel (reservado)
Until Dawn | Edicion estandar | Cuenta | PUBLICADO compra_alta | venta 98130
WWE 2K25 | Bloodline Edition | CD Key | PUBLICADO compra_alta | venta 207100
WWE 2K25 | Bloodline Edition | Cuenta | PUBLICADO compra_alta | venta 158994
WWE 2K26 | King of Kings Edition | CD Key | OCULTO sin link Excel (reservado)